// Jest Snapshot v1, https://goo.gl/fbAQLP

exports[`App should renderi main app 1`] = `
Object {
  "asFragment": [Function],
  "baseElement": <body>
    <div>
      <div
        class="App"
      >
        <div
          class="LandingWrap pt-2 "
        >
          <div>
            <div
              class="bm-overlay"
              style="position: fixed; z-index: 1000; width: 100%; height: 100%; background: rgba(0, 0, 0, 0.3); opacity: 0; transform: translate3d(100%, 0, 0); transition: opacity 0.3s, transform 0s 0.3s;"
            />
            <div
              class="bm-menu-wrap"
              id=""
              style="position: fixed; z-index: 1100; width: 300px; height: 100%; transform: translate3d(-100%, 0, 0); transition: all 0.5s;"
            >
              <div
                class="bm-menu"
                style="height: 100%; box-sizing: border-box; overflow: auto;"
              >
                <nav
                  class="bm-item-list"
                  style="height: 100%;"
                >
                  <a
                    class="bm-item butt"
                    href="/services"
                    style="display: block;"
                    tabindex="-1"
                  >
                    Services
                  </a>
                  <a
                    class="bm-item my-2 butt"
                    href="/signup"
                    style="display: block;"
                    tabindex="-1"
                  >
                    Sign Up
                  </a>
                  <a
                    class="bm-item my-2 butt"
                    href="/login"
                    style="display: block;"
                    tabindex="-1"
                  >
                    Log In
                  </a>
                </nav>
              </div>
              <div>
                <div
                  class="bm-cross-button"
                  style="position: absolute; width: 24px; height: 24px; right: 8px; top: 8px;"
                >
                  <span
                    style="position: absolute; top: 6px; right: 14px;"
                  >
                    <span
                      class="bm-cross"
                      style="position: absolute; width: 3px; height: 14px; transform: rotate(45deg);"
                    />
                    <span
                      class="bm-cross"
                      style="position: absolute; width: 3px; height: 14px; transform: rotate(-45deg);"
                    />
                  </span>
                  <button
                    style="position: absolute; left: 0px; top: 0px; width: 100%; height: 100%; margin: 0px; padding: 0px; font-size: 0; background: transparent; cursor: pointer;"
                    tabindex="-1"
                  >
                    Close Menu
                  </button>
                </div>
              </div>
            </div>
            <div>
              <div
                class="bm-burger-button"
                style="z-index: 1000;"
              >
                <span>
                  <span
                    class="bm-burger-bars"
                    style="position: absolute; height: 20%; left: 0px; right: 0px; top: 0%; opacity: 1;"
                  />
                  <span
                    class="bm-burger-bars"
                    style="position: absolute; height: 20%; left: 0px; right: 0px; top: 40%; opacity: 1;"
                  />
                  <span
                    class="bm-burger-bars"
                    style="position: absolute; height: 20%; left: 0px; right: 0px; top: 80%; opacity: 1;"
                  />
                </span>
                <button
                  style="position: absolute; left: 0px; top: 0px; width: 100%; height: 100%; margin: 0px; padding: 0px; font-size: 0; background: transparent; cursor: pointer;"
                >
                  Open Menu
                </button>
              </div>
            </div>
          </div>
          <div
            class="LogoImage"
          />
          <div
            class="DogVetImage"
          />
          <h1
            class=" mb-2 text-white LandingTitle text-center"
          >
            Taking care of your loved ones.
          </h1>
          <div
            class="mt-5 mb-1 mt-md-5 mt-lg-4 pb-3 mx-auto text-center"
          >
            <a
              href="/services"
            >
              <span
                class="btn btn-light rounded-pill btn-lg"
                data-testid="ServiceButton"
                type="button"
              >
                Services
              </span>
            </a>
          </div>
        </div>
      </div>
    </div>
  </body>,
  "container": <div>
    <div
      class="App"
    >
      <div
        class="LandingWrap pt-2 "
      >
        <div>
          <div
            class="bm-overlay"
            style="position: fixed; z-index: 1000; width: 100%; height: 100%; background: rgba(0, 0, 0, 0.3); opacity: 0; transform: translate3d(100%, 0, 0); transition: opacity 0.3s, transform 0s 0.3s;"
          />
          <div
            class="bm-menu-wrap"
            id=""
            style="position: fixed; z-index: 1100; width: 300px; height: 100%; transform: translate3d(-100%, 0, 0); transition: all 0.5s;"
          >
            <div
              class="bm-menu"
              style="height: 100%; box-sizing: border-box; overflow: auto;"
            >
              <nav
                class="bm-item-list"
                style="height: 100%;"
              >
                <a
                  class="bm-item butt"
                  href="/services"
                  style="display: block;"
                  tabindex="-1"
                >
                  Services
                </a>
                <a
                  class="bm-item my-2 butt"
                  href="/signup"
                  style="display: block;"
                  tabindex="-1"
                >
                  Sign Up
                </a>
                <a
                  class="bm-item my-2 butt"
                  href="/login"
                  style="display: block;"
                  tabindex="-1"
                >
                  Log In
                </a>
              </nav>
            </div>
            <div>
              <div
                class="bm-cross-button"
                style="position: absolute; width: 24px; height: 24px; right: 8px; top: 8px;"
              >
                <span
                  style="position: absolute; top: 6px; right: 14px;"
                >
                  <span
                    class="bm-cross"
                    style="position: absolute; width: 3px; height: 14px; transform: rotate(45deg);"
                  />
                  <span
                    class="bm-cross"
                    style="position: absolute; width: 3px; height: 14px; transform: rotate(-45deg);"
                  />
                </span>
                <button
                  style="position: absolute; left: 0px; top: 0px; width: 100%; height: 100%; margin: 0px; padding: 0px; font-size: 0; background: transparent; cursor: pointer;"
                  tabindex="-1"
                >
                  Close Menu
                </button>
              </div>
            </div>
          </div>
          <div>
            <div
              class="bm-burger-button"
              style="z-index: 1000;"
            >
              <span>
                <span
                  class="bm-burger-bars"
                  style="position: absolute; height: 20%; left: 0px; right: 0px; top: 0%; opacity: 1;"
                />
                <span
                  class="bm-burger-bars"
                  style="position: absolute; height: 20%; left: 0px; right: 0px; top: 40%; opacity: 1;"
                />
                <span
                  class="bm-burger-bars"
                  style="position: absolute; height: 20%; left: 0px; right: 0px; top: 80%; opacity: 1;"
                />
              </span>
              <button
                style="position: absolute; left: 0px; top: 0px; width: 100%; height: 100%; margin: 0px; padding: 0px; font-size: 0; background: transparent; cursor: pointer;"
              >
                Open Menu
              </button>
            </div>
          </div>
        </div>
        <div
          class="LogoImage"
        />
        <div
          class="DogVetImage"
        />
        <h1
          class=" mb-2 text-white LandingTitle text-center"
        >
          Taking care of your loved ones.
        </h1>
        <div
          class="mt-5 mb-1 mt-md-5 mt-lg-4 pb-3 mx-auto text-center"
        >
          <a
            href="/services"
          >
            <span
              class="btn btn-light rounded-pill btn-lg"
              data-testid="ServiceButton"
              type="button"
            >
              Services
            </span>
          </a>
        </div>
      </div>
    </div>
  </div>,
  "debug": [Function],
  "findAllByAltText": [Function],
  "findAllByDisplayValue": [Function],
  "findAllByLabelText": [Function],
  "findAllByPlaceholderText": [Function],
  "findAllByRole": [Function],
  "findAllByTestId": [Function],
  "findAllByText": [Function],
  "findAllByTitle": [Function],
  "findByAltText": [Function],
  "findByDisplayValue": [Function],
  "findByLabelText": [Function],
  "findByPlaceholderText": [Function],
  "findByRole": [Function],
  "findByTestId": [Function],
  "findByText": [Function],
  "findByTitle": [Function],
  "getAllByAltText": [Function],
  "getAllByDisplayValue": [Function],
  "getAllByLabelText": [Function],
  "getAllByPlaceholderText": [Function],
  "getAllByRole": [Function],
  "getAllByTestId": [Function],
  "getAllByText": [Function],
  "getAllByTitle": [Function],
  "getByAltText": [Function],
  "getByDisplayValue": [Function],
  "getByLabelText": [Function],
  "getByPlaceholderText": [Function],
  "getByRole": [Function],
  "getByTestId": [Function],
  "getByText": [Function],
  "getByTitle": [Function],
  "queryAllByAltText": [Function],
  "queryAllByDisplayValue": [Function],
  "queryAllByLabelText": [Function],
  "queryAllByPlaceholderText": [Function],
  "queryAllByRole": [Function],
  "queryAllByTestId": [Function],
  "queryAllByText": [Function],
  "queryAllByTitle": [Function],
  "queryByAltText": [Function],
  "queryByDisplayValue": [Function],
  "queryByLabelText": [Function],
  "queryByPlaceholderText": [Function],
  "queryByRole": [Function],
  "queryByTestId": [Function],
  "queryByText": [Function],
  "queryByTitle": [Function],
  "rerender": [Function],
  "unmount": [Function],
}
`;
